// Jest Snapshot v1, https://goo.gl/fbAQLP

exports[`CompanyRepository should have data 1`] = `
Array [
  Object {
    "id": 1,
    "name": "Contoso",
  },
  Object {
    "id": 2,
    "name": "Microsoft",
  },
  Object {
    "id": 3,
    "name": "Google",
  },
]
`;

exports[`CompanyRepository should update item 1`] = `"Contoso1"`;
